------------------------------------------------------------
TimeQuest Timing Analyzer Summary
------------------------------------------------------------

Type  : Slow Model Setup 'CLOCK'
Slack : -1.148
TNS   : -2.213

Type  : Slow Model Hold 'CLOCK'
Slack : 0.104
TNS   : 0.000

Type  : Slow Model Recovery 'CLOCK'
Slack : -0.006
TNS   : -0.030

Type  : Slow Model Removal 'CLOCK'
Slack : 0.276
TNS   : 0.000

Type  : Slow Model Minimum Pulse Width 'CLOCK'
Slack : -1.380
TNS   : -6.380

Type  : Slow Model Minimum Pulse Width 'RESET'
Slack : -1.380
TNS   : -1.380

Type  : Fast Model Setup 'CLOCK'
Slack : 0.027
TNS   : 0.000

Type  : Fast Model Hold 'CLOCK'
Slack : -0.263
TNS   : -0.263

Type  : Fast Model Recovery 'CLOCK'
Slack : 0.500
TNS   : 0.000

Type  : Fast Model Removal 'CLOCK'
Slack : -0.120
TNS   : -0.600

Type  : Fast Model Minimum Pulse Width 'CLOCK'
Slack : -1.380
TNS   : -6.380

Type  : Fast Model Minimum Pulse Width 'RESET'
Slack : -1.380
TNS   : -1.380

------------------------------------------------------------
